------------------------------------------------------------
TimeQuest Timing Analyzer Summary
------------------------------------------------------------

Type  : Slow 1200mV 85C Model Setup 'clk'
Slack : 10.296
TNS   : 0.000

Type  : Slow 1200mV 85C Model Hold 'clk'
Slack : 0.402
TNS   : 0.000

Type  : Slow 1200mV 85C Model Recovery 'clk'
Slack : 15.319
TNS   : 0.000

Type  : Slow 1200mV 85C Model Removal 'clk'
Slack : 3.184
TNS   : 0.000

Type  : Slow 1200mV 85C Model Minimum Pulse Width 'clk'
Slack : 9.665
TNS   : 0.000

Type  : Slow 1200mV 0C Model Setup 'clk'
Slack : 11.045
TNS   : 0.000

Type  : Slow 1200mV 0C Model Hold 'clk'
Slack : 0.353
TNS   : 0.000

Type  : Slow 1200mV 0C Model Recovery 'clk'
Slack : 15.816
TNS   : 0.000

Type  : Slow 1200mV 0C Model Removal 'clk'
Slack : 2.841
TNS   : 0.000

Type  : Slow 1200mV 0C Model Minimum Pulse Width 'clk'
Slack : 9.655
TNS   : 0.000

Type  : Fast 1200mV 0C Model Setup 'clk'
Slack : 14.673
TNS   : 0.000

Type  : Fast 1200mV 0C Model Hold 'clk'
Slack : 0.181
TNS   : 0.000

Type  : Fast 1200mV 0C Model Recovery 'clk'
Slack : 17.440
TNS   : 0.000

Type  : Fast 1200mV 0C Model Removal 'clk'
Slack : 1.651
TNS   : 0.000

Type  : Fast 1200mV 0C Model Minimum Pulse Width 'clk'
Slack : 9.435
TNS   : 0.000

------------------------------------------------------------
